                  _   _     _          ___     
                 (_) | |   (_)        |__ \    
     ___   _ __   _  | |_   _    ___     ) |   
    / __| | '__| | | | __| | |  / __|   / /    
   | (__  | |    | | | |_  | | | (__   / /_    
    \___| |_|    |_|  \__| |_|  \___| |____|   

* CRITIC2: analysis of real-space scalar fields in solids and molecules.
  (c) 1996-2019 A. Otero-de-la-Roza, A. Martin-Pendas, V. Lua~na
  Distributed under GNU GPL v.3 (see COPYING for details)
  Bugs, requests, and rants: aoterodelaroza@gmail.com 
  Website: https://aoterodelaroza.github.io/critic2/
  If you find this software useful, please cite:
  A. Otero-de-la-Roza et al., Comput. Phys. Commun. 185 (2014) 1007-1018.
  A. Otero-de-la-Roza et al., Comput. Phys. Commun. 180 (2009) 157-166.

+ critic2 (development), version 1.2.276
         host: Linux-4.18.0-425.19.2.el8_7.x86_64
         date: Tue 22 Oct 2024 17:08:05
 compiled dat: /user/joshua.edzards/u12590/software/critic2/1.2_dev/share/critic2
      datadir: /user/joshua.edzards/u12590/software/critic2/1.2_dev/share/critic2
...was found?: T
       spglib: 1.13.0
     features: LAPACK(internal)
       openmp: yes (2 max threads)

CRITIC2--2025/4/22, 12:15:59.361

%% crystal cube-ELECTRON_DENSITY-1_0.cube

ERROR (fopen_read): error opening file: cube-ELECTRON_DENSITY-1_0.cube

